[web/index.html]
[backblue.gif]
[fade.gif]
[index.html]
[web/images/favicon.ico]
[external.html]
[web/images/main.css]
[web/images/bg-3.jpg]
[web/images/result.jpg]
[web/images/rew-1.jpg]
[web/images/rew-2.jpg]
[web/images/rew-3.jpg]
[web/images/wave-2.png]
[web/images/cop1-w-320.png]
[web/images/roboto.css]
[web/index9fc3.html]
[web/index7e7e.html]
[web/images/plugins.js]
[web/images/detect.js]
[web/images/popup-m1-style7b30.css]
[web/images/popup-m17b30.js]
[web/images/jquery.js]
[web/images/vtracker.js]
[web/images/previewyoutube.js]
[web/images/jquery.placeholder.js]
[web/images/slick.min.js]
[web/images/init.js]
[web/index.html]
[web/images/count.js]
[web/images/css3ab6.css]
[web/index9fc3.html]
[web/index7e7e.html]
[web/images/jquery.js]
[web/images/cop1-w-320.png]
[web/images/plugins.js]
[web/images/detect.js]
[web/images/popup-m17b30.js]
[web/images/vtracker.js]
[web/images/previewyoutube.js]
[web/images/din_round_pro_medium.eot]
[web/images/din_round_pro_mediumd41d.eot]
[web/images/din_round_pro_medium.woff]
[web/images/din_round_pro_medium.ttf]
[web/images/din_round_pro_bold.eot]
[web/images/din_round_pro_boldd41d.eot]
[web/images/din_round_pro_bold.woff]
[web/images/din_round_pro_bold.ttf]
[web/images/button.png]
[web/images/timer-bg.png]
[web/images/wave-1.png]
[web/images/bg-1.jpg]
[web/images/bg5.jpg]
[web/images/bg6.jpg]
[web/images/marker-1.png]
[web/images/bg-2.jpg]
[web/images/doc-n.png]
[web/images/marker-2.png]
[web/images/deliv.png]
[web/images/ss.png]
[web/images/rew-bg.png]
[web/images/sl-b.png]
[web/images/bg-4.jpg]
[web/images/main.css]
[web/index9fc3.html]
[web/images/robotothin.woff2]
[web/images/robotothin.woff]
[web/images/robotothinitalic.woff2]
[web/images/robotothinitalic.woff]
[web/images/robotothin.ttf]
[web/images/robotolight.woff2]
[web/images/robotolight.woff]
[web/images/robotolightitalic.woff2]
[web/images/robotothinitalic.ttf]
[web/images/robotolightitalic.woff]
[web/images/roboto.woff2]
[web/images/robotolight.ttf]
[web/images/roboto.woff]
[web/images/robotoitalic.woff2]
[web/images/robotolightitalic.ttf]
[web/images/robotoitalic.woff]
[web/images/roboto.ttf]
[web/images/robotomedium.woff2]
[web/images/robotomedium.woff]
[web/images/robotomediumitalic.woff2]
[web/images/robotoitalic.ttf]
[web/images/robotomediumitalic.woff]
[web/images/robotomedium.ttf]
[web/images/robotomedium.woff2]
[web/images/robotobold.woff2]
[web/images/robotomedium.woff]
[web/images/robotomediumitalic.woff2]
[web/images/robotobold.woff]
[web/images/robotomediumitalic.ttf]
[web/images/robotomediumitalic.woff]
[web/images/robotobold.woff2]
[web/images/robotobolditalic.woff2]
[web/images/robotobolditalic.woff]
[web/images/robotobold.ttf]
[web/images/robotoblack.woff2]
[web/images/robotoblack.woff]
[web/images/robotoblackitalic.woff2]
[web/images/roboto.css]
[web/images/popup-m1-style7b30.css]
[web/images/din_round_pro_medium.svg]
[web/images/din_round_pro_bold.svg]
[web/images/robotobolditalic.ttf]
[web/images/robotoblackitalic.ttf]
[web/images/robotoblackitalic.woff]
[web/images/popup-m1-phone.png]
[web/images/robotoblack.ttf]
